Archive member included because of file (symbol)

/usr/local/CrossPack-AVR-20090415/lib/gcc/avr/3.4.6/avr4/libgcc.a(_divmodhi4.o)
                              simone.o (__divmodhi4)
/usr/local/CrossPack-AVR-20090415/lib/gcc/avr/3.4.6/avr4/libgcc.a(_exit.o)
                              /usr/local/CrossPack-AVR-20090415/lib/gcc/avr/3.4.6/../../../../avr/lib/avr4/crtm88.o (exit)
/usr/local/CrossPack-AVR-20090415/lib/gcc/avr/3.4.6/avr4/libgcc.a(_copy_data.o)
                              simone.o (__do_copy_data)
/usr/local/CrossPack-AVR-20090415/lib/gcc/avr/3.4.6/avr4/libgcc.a(_clear_bss.o)
                              simone.o (__do_clear_bss)
/usr/local/CrossPack-AVR-20090415/lib/gcc/avr/3.4.6/avr4/libgcc.a(_udivmodhi4.o)
                              /usr/local/CrossPack-AVR-20090415/lib/gcc/avr/3.4.6/avr4/libgcc.a(_divmodhi4.o) (__udivmodhi4)
/usr/local/CrossPack-AVR-20090415/lib/gcc/avr/3.4.6/../../../../avr/lib/avr4/libc.a(rand.o)
                              simone.o (rand)
/usr/local/CrossPack-AVR-20090415/lib/gcc/avr/3.4.6/avr4/libgcc.a(_mulsi3.o)
                              /usr/local/CrossPack-AVR-20090415/lib/gcc/avr/3.4.6/../../../../avr/lib/avr4/libc.a(rand.o) (__mulsi3)
/usr/local/CrossPack-AVR-20090415/lib/gcc/avr/3.4.6/avr4/libgcc.a(_divmodsi4.o)
                              /usr/local/CrossPack-AVR-20090415/lib/gcc/avr/3.4.6/../../../../avr/lib/avr4/libc.a(rand.o) (__divmodsi4)
/usr/local/CrossPack-AVR-20090415/lib/gcc/avr/3.4.6/avr4/libgcc.a(_prologue.o)
                              /usr/local/CrossPack-AVR-20090415/lib/gcc/avr/3.4.6/../../../../avr/lib/avr4/libc.a(rand.o) (__prologue_saves__)
/usr/local/CrossPack-AVR-20090415/lib/gcc/avr/3.4.6/avr4/libgcc.a(_epilogue.o)
                              /usr/local/CrossPack-AVR-20090415/lib/gcc/avr/3.4.6/../../../../avr/lib/avr4/libc.a(rand.o) (__epilogue_restores__)
/usr/local/CrossPack-AVR-20090415/lib/gcc/avr/3.4.6/avr4/libgcc.a(_udivmodsi4.o)
                              /usr/local/CrossPack-AVR-20090415/lib/gcc/avr/3.4.6/avr4/libgcc.a(_divmodsi4.o) (__udivmodsi4)

Allocating common symbols
Common symbol       size              file

ButtonBEvent        0x1               miggl.o
WtabDelta           0x2               miggl.o
CurNote             0x1               miggl.o
ButtonAEvent        0x1               miggl.o
ButtonCEvent        0x1               miggl.o
ButtonC             0x1               miggl.o
ButtonB             0x1               miggl.o
CurRow              0x1               miggl.o
wavPtr              0x2               miggl.o
Wdur                0x2               miggl.o
Disp                0xa               miggl.o
SwapInterval        0x1               miggl.o
WtabCount           0x2               miggl.o
SwapRelease         0x1               miggl.o
PWMval              0x2               miggl.o
SwapCounter         0x1               miggl.o
ButtonA             0x1               miggl.o
SongPlayFlag        0x1               miggl.o
Wnote_sep           0x2               miggl.o
ButtonD             0x1               miggl.o
songPtr             0x2               miggl.o
ButtonDEvent        0x1               miggl.o

Memory Configuration

Name             Origin             Length             Attributes
text             0x00000000         0x00002000         xr
data             0x00800060         0x0000ffa0         rw !x
eeprom           0x00810000         0x00010000         rw !x
fuse             0x00820000         0x00000400         rw !x
lock             0x00830000         0x00000400         rw !x
signature        0x00840000         0x00000400         rw !x
*default*        0x00000000         0xffffffff

Linker script and memory map

Address of section .data set to 0x800100
LOAD /usr/local/CrossPack-AVR-20090415/lib/gcc/avr/3.4.6/../../../../avr/lib/avr4/crtm88.o
LOAD simone.o
LOAD miggl.o
LOAD /usr/local/CrossPack-AVR-20090415/lib/gcc/avr/3.4.6/avr4/libgcc.a
LOAD /usr/local/CrossPack-AVR-20090415/lib/gcc/avr/3.4.6/../../../../avr/lib/avr4/libc.a
LOAD /usr/local/CrossPack-AVR-20090415/lib/gcc/avr/3.4.6/avr4/libgcc.a

.hash
 *(.hash)

.dynsym
 *(.dynsym)

.dynstr
 *(.dynstr)

.gnu.version
 *(.gnu.version)

.gnu.version_d
 *(.gnu.version_d)

.gnu.version_r
 *(.gnu.version_r)

.rel.init
 *(.rel.init)

.rela.init
 *(.rela.init)

.rel.text
 *(.rel.text)
 *(.rel.text.*)
 *(.rel.gnu.linkonce.t*)

.rela.text
 *(.rela.text)
 *(.rela.text.*)
 *(.rela.gnu.linkonce.t*)

.rel.fini
 *(.rel.fini)

.rela.fini
 *(.rela.fini)

.rel.rodata
 *(.rel.rodata)
 *(.rel.rodata.*)
 *(.rel.gnu.linkonce.r*)

.rela.rodata
 *(.rela.rodata)
 *(.rela.rodata.*)
 *(.rela.gnu.linkonce.r*)

.rel.data
 *(.rel.data)
 *(.rel.data.*)
 *(.rel.gnu.linkonce.d*)

.rela.data
 *(.rela.data)
 *(.rela.data.*)
 *(.rela.gnu.linkonce.d*)

.rel.ctors
 *(.rel.ctors)

.rela.ctors
 *(.rela.ctors)

.rel.dtors
 *(.rel.dtors)

.rela.dtors
 *(.rela.dtors)

.rel.got
 *(.rel.got)

.rela.got
 *(.rela.got)

.rel.bss
 *(.rel.bss)

.rela.bss
 *(.rela.bss)

.rel.plt
 *(.rel.plt)

.rela.plt
 *(.rela.plt)

.text           0x00000000      0xfac
 *(.vectors)
 .vectors       0x00000000       0x34 /usr/local/CrossPack-AVR-20090415/lib/gcc/avr/3.4.6/../../../../avr/lib/avr4/crtm88.o
                0x00000000                __vectors
                0x00000000                __vector_default
 *(.vectors)
 *(.progmem.gcc*)
 .progmem.gcc_sw_table
                0x00000034       0x14 miggl.o
 *(.progmem*)
                0x00000048                . = ALIGN (0x2)
                0x00000048                __trampolines_start = .
 *(.trampolines)
 .trampolines   0x00000048        0x0 linker stubs
 *(.trampolines*)
                0x00000048                __trampolines_end = .
 *(.jumptables)
 *(.jumptables*)
 *(.lowtext)
 *(.lowtext*)
                0x00000048                __ctors_start = .
 *(.ctors)
                0x00000048                __ctors_end = .
                0x00000048                __dtors_start = .
 *(.dtors)
                0x00000048                __dtors_end = .
 SORT(*)(.ctors)
 SORT(*)(.dtors)
 *(.init0)
 .init0         0x00000048        0x0 /usr/local/CrossPack-AVR-20090415/lib/gcc/avr/3.4.6/../../../../avr/lib/avr4/crtm88.o
                0x00000048                __init
 *(.init0)
 *(.init1)
 *(.init1)
 *(.init2)
 .init2         0x00000048        0xc /usr/local/CrossPack-AVR-20090415/lib/gcc/avr/3.4.6/../../../../avr/lib/avr4/crtm88.o
 *(.init2)
 *(.init3)
 *(.init3)
 *(.init4)
 .init4         0x00000054       0x16 /usr/local/CrossPack-AVR-20090415/lib/gcc/avr/3.4.6/avr4/libgcc.a(_copy_data.o)
                0x00000054                __do_copy_data
 .init4         0x0000006a       0x10 /usr/local/CrossPack-AVR-20090415/lib/gcc/avr/3.4.6/avr4/libgcc.a(_clear_bss.o)
                0x0000006a                __do_clear_bss
 *(.init4)
 *(.init5)
 *(.init5)
 *(.init6)
 *(.init6)
 *(.init7)
 *(.init7)
 *(.init8)
 *(.init8)
 *(.init9)
 .init9         0x0000007a        0x4 /usr/local/CrossPack-AVR-20090415/lib/gcc/avr/3.4.6/../../../../avr/lib/avr4/crtm88.o
 *(.init9)
 *(.text)
 .text          0x0000007e        0x2 /usr/local/CrossPack-AVR-20090415/lib/gcc/avr/3.4.6/../../../../avr/lib/avr4/crtm88.o
                0x0000007e                __vector_22
                0x0000007e                __vector_1
                0x0000007e                __vector_24
                0x0000007e                __vector_12
                0x0000007e                __bad_interrupt
                0x0000007e                __vector_6
                0x0000007e                __vector_3
                0x0000007e                __vector_23
                0x0000007e                __vector_25
                0x0000007e                __vector_11
                0x0000007e                __vector_17
                0x0000007e                __vector_19
                0x0000007e                __vector_7
                0x0000007e                __vector_5
                0x0000007e                __vector_4
                0x0000007e                __vector_9
                0x0000007e                __vector_2
                0x0000007e                __vector_21
                0x0000007e                __vector_15
                0x0000007e                __vector_8
                0x0000007e                __vector_14
                0x0000007e                __vector_10
                0x0000007e                __vector_16
                0x0000007e                __vector_18
                0x0000007e                __vector_20
 .text          0x00000080      0x620 simone.o
                0x00000250                startup_screen
                0x000001fc                show_next_arrow
                0x000002d6                draw_digit_vert_left
                0x00000368                draw_digit_horiz_bot
                0x000000bc                delay_sec
                0x000000fa                draw_arrow
                0x000002a2                draw_digit_vert_right
                0x00000080                delay_us
                0x000004f8                main
                0x0000009a                delay_ms
                0x00000336                draw_digit_horiz_mid
                0x0000039a                draw_number
                0x00000304                draw_digit_horiz_top
                0x000004c2                gameover_screen
 .text          0x000006a0      0x6c0 miggl.o
                0x000009c0                start_timer1
                0x00000a76                handlebuttons
                0x00000ada                swapbuffers
                0x00000a0c                button_init
                0x00000d44                isaudioplaying
                0x00000b0e                cleardisplay
                0x00000af4                initswapbuffers
                0x00000b26                getcolor
                0x00000c72                settempo
                0x00000b92                drawfilledrect
                0x00000882                __vector_13
                0x00000cae                playnote
                0x00000cb0                playsong
                0x00000b1e                setcolor
                0x00000cac                playsound
                0x000009f0                avrinit
                0x00000b04                swapinterval
                0x000006a0                do_audio_isr
                0x00000a2e                poll_buttons
                0x00000c74                setwavetable
                0x00000c52                initaudio
                0x00000d4c                waitaudio
                0x00000b2e                drawpoint
 .text          0x00000d60        0x0 /usr/local/CrossPack-AVR-20090415/lib/gcc/avr/3.4.6/avr4/libgcc.a(_divmodhi4.o)
 .text          0x00000d60        0x0 /usr/local/CrossPack-AVR-20090415/lib/gcc/avr/3.4.6/avr4/libgcc.a(_exit.o)
 .text          0x00000d60        0x0 /usr/local/CrossPack-AVR-20090415/lib/gcc/avr/3.4.6/avr4/libgcc.a(_copy_data.o)
 .text          0x00000d60        0x0 /usr/local/CrossPack-AVR-20090415/lib/gcc/avr/3.4.6/avr4/libgcc.a(_clear_bss.o)
 .text          0x00000d60        0x0 /usr/local/CrossPack-AVR-20090415/lib/gcc/avr/3.4.6/avr4/libgcc.a(_udivmodhi4.o)
 .text          0x00000d60       0xd6 /usr/local/CrossPack-AVR-20090415/lib/gcc/avr/3.4.6/../../../../avr/lib/avr4/libc.a(rand.o)
                0x00000e14                rand_r
                0x00000e18                rand
                0x00000e20                srand
 .text          0x00000e36        0x0 /usr/local/CrossPack-AVR-20090415/lib/gcc/avr/3.4.6/avr4/libgcc.a(_mulsi3.o)
 .text          0x00000e36        0x0 /usr/local/CrossPack-AVR-20090415/lib/gcc/avr/3.4.6/avr4/libgcc.a(_divmodsi4.o)
 .text          0x00000e36        0x0 /usr/local/CrossPack-AVR-20090415/lib/gcc/avr/3.4.6/avr4/libgcc.a(_prologue.o)
 .text          0x00000e36        0x0 /usr/local/CrossPack-AVR-20090415/lib/gcc/avr/3.4.6/avr4/libgcc.a(_epilogue.o)
 .text          0x00000e36        0x0 /usr/local/CrossPack-AVR-20090415/lib/gcc/avr/3.4.6/avr4/libgcc.a(_udivmodsi4.o)
                0x00000e36                . = ALIGN (0x2)
 *(.text.*)
 .text.libgcc   0x00000e36       0x26 /usr/local/CrossPack-AVR-20090415/lib/gcc/avr/3.4.6/avr4/libgcc.a(_divmodhi4.o)
                0x00000e36                __divmodhi4
                0x00000e36                _div
 .text.libgcc   0x00000e5c        0x0 /usr/local/CrossPack-AVR-20090415/lib/gcc/avr/3.4.6/avr4/libgcc.a(_exit.o)
 .text.libgcc   0x00000e5c        0x0 /usr/local/CrossPack-AVR-20090415/lib/gcc/avr/3.4.6/avr4/libgcc.a(_copy_data.o)
 .text.libgcc   0x00000e5c        0x0 /usr/local/CrossPack-AVR-20090415/lib/gcc/avr/3.4.6/avr4/libgcc.a(_clear_bss.o)
 .text.libgcc   0x00000e5c       0x28 /usr/local/CrossPack-AVR-20090415/lib/gcc/avr/3.4.6/avr4/libgcc.a(_udivmodhi4.o)
                0x00000e5c                __udivmodhi4
 .text.libgcc   0x00000e84       0x3e /usr/local/CrossPack-AVR-20090415/lib/gcc/avr/3.4.6/avr4/libgcc.a(_mulsi3.o)
                0x00000e84                __mulsi3
 .text.libgcc   0x00000ec2       0x36 /usr/local/CrossPack-AVR-20090415/lib/gcc/avr/3.4.6/avr4/libgcc.a(_divmodsi4.o)
                0x00000ec2                __divmodsi4
 .text.libgcc   0x00000ef8       0x38 /usr/local/CrossPack-AVR-20090415/lib/gcc/avr/3.4.6/avr4/libgcc.a(_prologue.o)
                0x00000ef8                __prologue_saves__
 .text.libgcc   0x00000f30       0x36 /usr/local/CrossPack-AVR-20090415/lib/gcc/avr/3.4.6/avr4/libgcc.a(_epilogue.o)
                0x00000f30                __epilogue_restores__
 .text.libgcc   0x00000f66       0x44 /usr/local/CrossPack-AVR-20090415/lib/gcc/avr/3.4.6/avr4/libgcc.a(_udivmodsi4.o)
                0x00000f66                __udivmodsi4
                0x00000faa                . = ALIGN (0x2)
 *(.fini9)
 .fini9         0x00000faa        0x0 /usr/local/CrossPack-AVR-20090415/lib/gcc/avr/3.4.6/avr4/libgcc.a(_exit.o)
                0x00000faa                exit
                0x00000faa                _exit
 *(.fini9)
 *(.fini8)
 *(.fini8)
 *(.fini7)
 *(.fini7)
 *(.fini6)
 *(.fini6)
 *(.fini5)
 *(.fini5)
 *(.fini4)
 *(.fini4)
 *(.fini3)
 *(.fini3)
 *(.fini2)
 *(.fini2)
 *(.fini1)
 *(.fini1)
 *(.fini0)
 .fini0         0x00000faa        0x2 /usr/local/CrossPack-AVR-20090415/lib/gcc/avr/3.4.6/avr4/libgcc.a(_exit.o)
 *(.fini0)
                0x00000fac                _etext = .

.data           0x00800100      0x1a8 load address 0x00000fac
                0x00800100                PROVIDE (__data_start, .)
 *(.data)
 .data          0x00800100        0x0 /usr/local/CrossPack-AVR-20090415/lib/gcc/avr/3.4.6/../../../../avr/lib/avr4/crtm88.o
 .data          0x00800100       0x98 simone.o
 .data          0x00800198      0x10c miggl.o
                0x00800198                DurTab
                0x008001f8                NoteTab
 .data          0x008002a4        0x0 /usr/local/CrossPack-AVR-20090415/lib/gcc/avr/3.4.6/avr4/libgcc.a(_divmodhi4.o)
 .data          0x008002a4        0x0 /usr/local/CrossPack-AVR-20090415/lib/gcc/avr/3.4.6/avr4/libgcc.a(_exit.o)
 .data          0x008002a4        0x0 /usr/local/CrossPack-AVR-20090415/lib/gcc/avr/3.4.6/avr4/libgcc.a(_copy_data.o)
 .data          0x008002a4        0x0 /usr/local/CrossPack-AVR-20090415/lib/gcc/avr/3.4.6/avr4/libgcc.a(_clear_bss.o)
 .data          0x008002a4        0x0 /usr/local/CrossPack-AVR-20090415/lib/gcc/avr/3.4.6/avr4/libgcc.a(_udivmodhi4.o)
 .data          0x008002a4        0x4 /usr/local/CrossPack-AVR-20090415/lib/gcc/avr/3.4.6/../../../../avr/lib/avr4/libc.a(rand.o)
 .data          0x008002a8        0x0 /usr/local/CrossPack-AVR-20090415/lib/gcc/avr/3.4.6/avr4/libgcc.a(_mulsi3.o)
 .data          0x008002a8        0x0 /usr/local/CrossPack-AVR-20090415/lib/gcc/avr/3.4.6/avr4/libgcc.a(_divmodsi4.o)
 .data          0x008002a8        0x0 /usr/local/CrossPack-AVR-20090415/lib/gcc/avr/3.4.6/avr4/libgcc.a(_prologue.o)
 .data          0x008002a8        0x0 /usr/local/CrossPack-AVR-20090415/lib/gcc/avr/3.4.6/avr4/libgcc.a(_epilogue.o)
 .data          0x008002a8        0x0 /usr/local/CrossPack-AVR-20090415/lib/gcc/avr/3.4.6/avr4/libgcc.a(_udivmodsi4.o)
 *(.data*)
 *(.rodata)
 *(.rodata*)
 *(.gnu.linkonce.d*)
                0x008002a8                . = ALIGN (0x2)
                0x008002a8                _edata = .
                0x008002a8                PROVIDE (__data_end, .)

.bss            0x008002a8       0x26
                0x008002a8                PROVIDE (__bss_start, .)
 *(.bss)
 .bss           0x008002a8        0x0 /usr/local/CrossPack-AVR-20090415/lib/gcc/avr/3.4.6/../../../../avr/lib/avr4/crtm88.o
 .bss           0x008002a8        0x0 simone.o
 .bss           0x008002a8        0x0 miggl.o
 .bss           0x008002a8        0x0 /usr/local/CrossPack-AVR-20090415/lib/gcc/avr/3.4.6/avr4/libgcc.a(_divmodhi4.o)
 .bss           0x008002a8        0x0 /usr/local/CrossPack-AVR-20090415/lib/gcc/avr/3.4.6/avr4/libgcc.a(_exit.o)
 .bss           0x008002a8        0x0 /usr/local/CrossPack-AVR-20090415/lib/gcc/avr/3.4.6/avr4/libgcc.a(_copy_data.o)
 .bss           0x008002a8        0x0 /usr/local/CrossPack-AVR-20090415/lib/gcc/avr/3.4.6/avr4/libgcc.a(_clear_bss.o)
 .bss           0x008002a8        0x0 /usr/local/CrossPack-AVR-20090415/lib/gcc/avr/3.4.6/avr4/libgcc.a(_udivmodhi4.o)
 .bss           0x008002a8        0x0 /usr/local/CrossPack-AVR-20090415/lib/gcc/avr/3.4.6/../../../../avr/lib/avr4/libc.a(rand.o)
 .bss           0x008002a8        0x0 /usr/local/CrossPack-AVR-20090415/lib/gcc/avr/3.4.6/avr4/libgcc.a(_mulsi3.o)
 .bss           0x008002a8        0x0 /usr/local/CrossPack-AVR-20090415/lib/gcc/avr/3.4.6/avr4/libgcc.a(_divmodsi4.o)
 .bss           0x008002a8        0x0 /usr/local/CrossPack-AVR-20090415/lib/gcc/avr/3.4.6/avr4/libgcc.a(_prologue.o)
 .bss           0x008002a8        0x0 /usr/local/CrossPack-AVR-20090415/lib/gcc/avr/3.4.6/avr4/libgcc.a(_epilogue.o)
 .bss           0x008002a8        0x0 /usr/local/CrossPack-AVR-20090415/lib/gcc/avr/3.4.6/avr4/libgcc.a(_udivmodsi4.o)
 *(.bss*)
 *(COMMON)
 COMMON         0x008002a8       0x26 miggl.o
                0x008002a8                ButtonBEvent
                0x008002a9                WtabDelta
                0x008002ab                CurNote
                0x008002ac                ButtonAEvent
                0x008002ad                ButtonCEvent
                0x008002ae                ButtonC
                0x008002af                ButtonB
                0x008002b0                CurRow
                0x008002b1                wavPtr
                0x008002b3                Wdur
                0x008002b5                Disp
                0x008002bf                SwapInterval
                0x008002c0                WtabCount
                0x008002c2                SwapRelease
                0x008002c3                PWMval
                0x008002c5                SwapCounter
                0x008002c6                ButtonA
                0x008002c7                SongPlayFlag
                0x008002c8                Wnote_sep
                0x008002ca                ButtonD
                0x008002cb                songPtr
                0x008002cd                ButtonDEvent
                0x008002ce                PROVIDE (__bss_end, .)
                0x00000fac                __data_load_start = LOADADDR (.data)
                0x00001154                __data_load_end = (__data_load_start + SIZEOF (.data))

.noinit         0x008002ce        0x0
                0x008002ce                PROVIDE (__noinit_start, .)
 *(.noinit*)
                0x008002ce                PROVIDE (__noinit_end, .)
                0x008002ce                _end = .
                0x008002ce                PROVIDE (__heap_start, .)

.eeprom         0x00810000        0x0
 *(.eeprom*)
                0x00810000                __eeprom_end = .

.fuse
 *(.fuse)
 *(.lfuse)
 *(.hfuse)
 *(.efuse)

.lock
 *(.lock*)

.signature
 *(.signature*)

.stab
 *(.stab)

.stabstr
 *(.stabstr)

.stab.excl
 *(.stab.excl)

.stab.exclstr
 *(.stab.exclstr)

.stab.index
 *(.stab.index)

.stab.indexstr
 *(.stab.indexstr)

.comment
 *(.comment)

.debug
 *(.debug)

.line
 *(.line)

.debug_srcinfo
 *(.debug_srcinfo)

.debug_sfnames
 *(.debug_sfnames)

.debug_aranges  0x00000000       0x3c
 *(.debug_aranges)
 .debug_aranges
                0x00000000       0x14 simone.o
 .debug_aranges
                0x00000014       0x14 miggl.o
 .debug_aranges
                0x00000028       0x14 /usr/local/CrossPack-AVR-20090415/lib/gcc/avr/3.4.6/../../../../avr/lib/avr4/libc.a(rand.o)

.debug_pubnames
                0x00000000      0x406
 *(.debug_pubnames)
 .debug_pubnames
                0x00000000      0x11b simone.o
 .debug_pubnames
                0x0000011b      0x2bb miggl.o
 .debug_pubnames
                0x000003d6       0x30 /usr/local/CrossPack-AVR-20090415/lib/gcc/avr/3.4.6/../../../../avr/lib/avr4/libc.a(rand.o)

.debug_info     0x00000000     0x1103
 *(.debug_info)
 .debug_info    0x00000000      0x6f6 simone.o
 .debug_info    0x000006f6      0x8e8 miggl.o
 .debug_info    0x00000fde      0x125 /usr/local/CrossPack-AVR-20090415/lib/gcc/avr/3.4.6/../../../../avr/lib/avr4/libc.a(rand.o)
 *(.gnu.linkonce.wi.*)

.debug_abbrev   0x00000000      0x41b
 *(.debug_abbrev)
 .debug_abbrev  0x00000000      0x1a3 simone.o
 .debug_abbrev  0x000001a3      0x19e miggl.o
 .debug_abbrev  0x00000341       0xda /usr/local/CrossPack-AVR-20090415/lib/gcc/avr/3.4.6/../../../../avr/lib/avr4/libc.a(rand.o)

.debug_line     0x00000000     0x1044
 *(.debug_line)
 .debug_line    0x00000000      0x75f simone.o
 .debug_line    0x0000075f      0x7a4 miggl.o
 .debug_line    0x00000f03      0x141 /usr/local/CrossPack-AVR-20090415/lib/gcc/avr/3.4.6/../../../../avr/lib/avr4/libc.a(rand.o)

.debug_frame
 *(.debug_frame)

.debug_str      0x00000000      0x57a
 *(.debug_str)
 .debug_str     0x00000000      0x277 simone.o
                                0x2ee (size before relaxing)
 .debug_str     0x00000277      0x269 miggl.o
                                0x380 (size before relaxing)
 .debug_str     0x000004e0       0x9a /usr/local/CrossPack-AVR-20090415/lib/gcc/avr/3.4.6/../../../../avr/lib/avr4/libc.a(rand.o)
                                 0xd3 (size before relaxing)

.debug_loc
 *(.debug_loc)

.debug_macinfo
 *(.debug_macinfo)
OUTPUT(simone.elf elf32-avr)
LOAD linker stubs
